   Compiling braid v0.3.2 (/Volumes/WorkSSD/Development/factory26/sources/braid)
warning: method `profile` is never used
  --> src/config.rs:25:12
   |
24 | impl Config {
   | ----------- method in this implementation
25 |     pub fn profile(&self, id: &str) -> Result<&Profile, ConfigError> {
   |            ^^^^^^^
   |
   = note: `#[warn(dead_code)]` (part of `#[warn(unused)]`) on by default

warning: method `has_tag` is never used
   --> src/config.rs:164:12
    |
160 | impl Profile {
    | ------------ method in this implementation
...
164 |     pub fn has_tag(&self, tag: &str) -> bool {
    |            ^^^^^^^

warning: method `profile_id` is never used
  --> src/group/worker.rs:50:19
   |
49 | impl GroupSpec {
   | -------------- method in this implementation
50 |     pub(crate) fn profile_id(&self) -> &str {
   |                   ^^^^^^^^^^

warning: field `id` is never read
   --> src/local.rs:719:9
    |
718 |     struct ProductSession {
    |            -------------- field in this struct
719 |         id: String,
    |         ^^

warning: field `assignment_revision` is never read
  --> src/objects.rs:74:9
   |
57 | pub struct Item {
   |            ---- field in this struct
...
74 |     pub assignment_revision: i64,
   |         ^^^^^^^^^^^^^^^^^^^
   |
   = note: `Item` has derived impls for the traits `Clone` and `Debug`, but these are intentionally ignored during dead code analysis

warning: fields `node_id`, `repository`, `kind`, `number`, and `state` are never read
   --> src/store/mod.rs:295:9
    |
294 | pub struct TrackedWorkItem {
    |            --------------- fields in this struct
295 |     pub node_id: String,
    |         ^^^^^^^
296 |     pub repository: String,
    |         ^^^^^^^^^^
297 |     pub kind: String,
    |         ^^^^
298 |     pub number: u64,
    |         ^^^^^^
299 |     pub state: String,
    |         ^^^^^
    |
    = note: `TrackedWorkItem` has derived impls for the traits `Clone` and `Debug`, but these are intentionally ignored during dead code analysis

warning: multiple fields are never read
   --> src/store/mod.rs:304:9
    |
303 | pub struct CanonicalObjectState {
    |            -------------------- fields in this struct
304 |     pub node_id: String,
    |         ^^^^^^^
305 |     pub database_id: Option<String>,
    |         ^^^^^^^^^^^
306 |     pub object_kind: String,
    |         ^^^^^^^^^^^
307 |     pub version: String,
    |         ^^^^^^^
308 |     pub digest: String,
    |         ^^^^^^
309 |     pub lifecycle: String,
    |         ^^^^^^^^^
310 |     pub author_node_id: Option<String>,
    |         ^^^^^^^^^^^^^^
311 |     pub author_login: Option<String>,
    |         ^^^^^^^^^^^^
    |
    = note: `CanonicalObjectState` has derived impls for the traits `Clone` and `Debug`, but these are intentionally ignored during dead code analysis

warning: field `member_login` is never read
   --> src/store/mod.rs:344:9
    |
336 | pub struct AssignmentCandidate {
    |            ------------------- field in this struct
...
344 |     pub member_login: Option<String>,
    |         ^^^^^^^^^^^^
    |
    = note: `AssignmentCandidate` has derived impls for the traits `Clone` and `Debug`, but these are intentionally ignored during dead code analysis

warning: field `assignment_revision` is never read
   --> src/store/mod.rs:362:9
    |
357 | pub struct AgentMaterialization {
    |            -------------------- field in this struct
...
362 |     pub assignment_revision: u64,
    |         ^^^^^^^^^^^^^^^^^^^
    |
    = note: `AgentMaterialization` has derived impls for the traits `Clone` and `Debug`, but these are intentionally ignored during dead code analysis

warning: multiple fields are never read
   --> src/store/mod.rs:517:9
    |
516 | pub struct DeletedComment {
    |            -------------- fields in this struct
517 |     pub node_id: String,
    |         ^^^^^^^
518 |     pub database_id: String,
    |         ^^^^^^^^^^^
519 |     pub author_node_id: Option<String>,
    |         ^^^^^^^^^^^^^^
520 |     pub author_login: Option<String>,
    |         ^^^^^^^^^^^^
521 |     pub created_at: String,
    |         ^^^^^^^^^^
522 |     pub updated_at: String,
    |         ^^^^^^^^^^
523 |     pub pinned: bool,
    |         ^^^^^^
    |
    = note: `DeletedComment` has derived impls for the traits `Clone` and `Debug`, but these are intentionally ignored during dead code analysis

warning: multiple methods are never used
   --> src/store/mod.rs:541:12
    |
531 | impl StoreActor {
    | --------------- methods in this implementation
...
541 |     pub fn plan(&self) -> Result<MigrationPlan, StoreError> {
    |            ^^^^
...
553 |     pub fn status(&self) -> Result<StoreStatus, StoreError> {
    |            ^^^^^^
...
559 |     pub fn reconcile_comments(
    |            ^^^^^^^^^^^^^^^^^^
...
582 |     pub fn operational_status_comment_ids(
    |            ^^^^^^^^^^^^^^^^^^^^^^^^^^^^^^
...
593 |     pub fn reconcile_associations(&self, update: AssociationSet) -> Result<(), StoreError> {
    |            ^^^^^^^^^^^^^^^^^^^^^^
...
601 |     pub fn ingest_event(
    |            ^^^^^^^^^^^^
...
621 |     pub fn runtime_status(&self) -> Result<RuntimeStoreStatus, StoreError> {
    |            ^^^^^^^^^^^^^^
...
629 |     pub fn tracked_work_items(&self) -> Result<Vec<TrackedWorkItem>, StoreError> {
    |            ^^^^^^^^^^^^^^^^^^
...
637 |     pub fn canonical_objects(
    |            ^^^^^^^^^^^^^^^^^
...
648 |     pub fn begin_reconciliation(
    |            ^^^^^^^^^^^^^^^^^^^^
...
659 |     pub fn finish_reconciliation(
    |            ^^^^^^^^^^^^^^^^^^^^^
...
844 |     pub fn has_lifecycle_observation(
    |            ^^^^^^^^^^^^^^^^^^^^^^^^^

warning: multiple variants are never constructed
    --> src/store/mod.rs:1187:5
     |
1186 | enum Command {
     |      ------- variants in this enum
1187 |     Plan(Sender<Result<MigrationPlan, StoreError>>),
     |     ^^^^
1188 |     Apply(Sender<Result<MigrationResult, StoreError>>),
1189 |     Status(Sender<Result<StoreStatus, StoreError>>),
     |     ^^^^^^
1190 |     ReconcileComments(CanonicalCommentSet, Sender<Result<Vec<DeletedComment>, StoreError>>),
     |     ^^^^^^^^^^^^^^^^^
1191 |     SetContextRevision(String, String, Sender<Result<(), StoreError>>),
1192 |     OperationalStatusCommentIds(String, Sender<Result<BTreeSet<String>, StoreError>>),
     |     ^^^^^^^^^^^^^^^^^^^^^^^^^^^
1193 |     ReconcileAssociations(AssociationSet, Sender<Result<(), StoreError>>),
     |     ^^^^^^^^^^^^^^^^^^^^^
1194 |     IngestEvent(Box<IngressEvent>, SchedulerPolicy, Sender<Result<IngestResult, StoreError>>),
     |     ^^^^^^^^^^^
1195 |     AdvanceScheduler(Sender<Result<u64, StoreError>>),
1196 |     RuntimeStatus(Sender<Result<RuntimeStoreStatus, StoreError>>),
     |     ^^^^^^^^^^^^^
1197 |     TrackedWorkItems(Sender<Result<Vec<TrackedWorkItem>, StoreError>>),
     |     ^^^^^^^^^^^^^^^^
1198 |     CanonicalObjects(String, Sender<Result<Vec<CanonicalObjectState>, StoreError>>),
     |     ^^^^^^^^^^^^^^^^
1199 |     BeginReconciliation(String, Sender<Result<ReconciliationRun, StoreError>>),
     |     ^^^^^^^^^^^^^^^^^^^
1200 |     FinishReconciliation(
     |     ^^^^^^^^^^^^^^^^^^^^
...
1239 |     HasLifecycleObservation(String, String, String, Sender<Result<bool, StoreError>>),
     |     ^^^^^^^^^^^^^^^^^^^^^^^

warning: `braid` (bin "braid" test) generated 12 warnings
    Finished `test` profile [unoptimized + debuginfo] target(s) in 6.60s
     Running unittests src/main.rs (sources/braid/target/debug/deps/braid-c73a35560019bb9b)

running 4 tests
test store::closure_tests::self_close_preserves_running_turn_then_sleeps_without_an_extra_turn ... ok
test store::closure_tests::external_close_is_real_input_and_survives_current_turn_completion ... ok
test store::closure_tests::closed_scope_still_dispatches_an_accepted_reset_continuation ... ok
test store::closure_tests::late_addressed_comment_remains_reactivatable_and_closed_scope_stops_new_work ... ok

test result: ok. 4 passed; 0 failed; 0 ignored; 0 measured; 38 filtered out; finished in 0.17s

