warning: method `profile` is never used
  --> src/config.rs:25:12
   |
24 | impl Config {
   | ----------- method in this implementation
25 |     pub fn profile(&self, id: &str) -> Result<&Profile, ConfigError> {
   |            ^^^^^^^
   |
   = note: `#[warn(dead_code)]` (part of `#[warn(unused)]`) on by default

warning: method `has_tag` is never used
   --> src/config.rs:164:12
    |
160 | impl Profile {
    | ------------ method in this implementation
...
164 |     pub fn has_tag(&self, tag: &str) -> bool {
    |            ^^^^^^^

warning: method `profile_id` is never used
  --> src/group/worker.rs:50:19
   |
49 | impl GroupSpec {
   | -------------- method in this implementation
50 |     pub(crate) fn profile_id(&self) -> &str {
   |                   ^^^^^^^^^^

warning: field `id` is never read
   --> src/local.rs:749:9
    |
748 |     struct ProductSession {
    |            -------------- field in this struct
749 |         id: String,
    |         ^^

warning: field `assignment_revision` is never read
  --> src/objects.rs:74:9
   |
57 | pub struct Item {
   |            ---- field in this struct
...
74 |     pub assignment_revision: i64,
   |         ^^^^^^^^^^^^^^^^^^^
   |
   = note: `Item` has derived impls for the traits `Clone` and `Debug`, but these are intentionally ignored during dead code analysis

warning: fields `node_id`, `repository`, `kind`, `number`, and `state` are never read
   --> src/store/mod.rs:305:9
    |
304 | pub struct TrackedWorkItem {
    |            --------------- fields in this struct
305 |     pub node_id: String,
    |         ^^^^^^^
306 |     pub repository: String,
    |         ^^^^^^^^^^
307 |     pub kind: String,
    |         ^^^^
308 |     pub number: u64,
    |         ^^^^^^
309 |     pub state: String,
    |         ^^^^^
    |
    = note: `TrackedWorkItem` has derived impls for the traits `Clone` and `Debug`, but these are intentionally ignored during dead code analysis

warning: multiple fields are never read
   --> src/store/mod.rs:314:9
    |
313 | pub struct CanonicalObjectState {
    |            -------------------- fields in this struct
314 |     pub node_id: String,
    |         ^^^^^^^
315 |     pub database_id: Option<String>,
    |         ^^^^^^^^^^^
316 |     pub object_kind: String,
    |         ^^^^^^^^^^^
317 |     pub version: String,
    |         ^^^^^^^
318 |     pub digest: String,
    |         ^^^^^^
319 |     pub lifecycle: String,
    |         ^^^^^^^^^
320 |     pub author_node_id: Option<String>,
    |         ^^^^^^^^^^^^^^
321 |     pub author_login: Option<String>,
    |         ^^^^^^^^^^^^
    |
    = note: `CanonicalObjectState` has derived impls for the traits `Clone` and `Debug`, but these are intentionally ignored during dead code analysis

warning: field `member_login` is never read
   --> src/store/mod.rs:354:9
    |
346 | pub struct AssignmentCandidate {
    |            ------------------- field in this struct
...
354 |     pub member_login: Option<String>,
    |         ^^^^^^^^^^^^
    |
    = note: `AssignmentCandidate` has derived impls for the traits `Clone` and `Debug`, but these are intentionally ignored during dead code analysis

warning: multiple fields are never read
   --> src/store/mod.rs:527:9
    |
526 | pub struct DeletedComment {
    |            -------------- fields in this struct
527 |     pub node_id: String,
    |         ^^^^^^^
528 |     pub database_id: String,
    |         ^^^^^^^^^^^
529 |     pub author_node_id: Option<String>,
    |         ^^^^^^^^^^^^^^
530 |     pub author_login: Option<String>,
    |         ^^^^^^^^^^^^
531 |     pub created_at: String,
    |         ^^^^^^^^^^
532 |     pub updated_at: String,
    |         ^^^^^^^^^^
533 |     pub pinned: bool,
    |         ^^^^^^
    |
    = note: `DeletedComment` has derived impls for the traits `Clone` and `Debug`, but these are intentionally ignored during dead code analysis

warning: multiple methods are never used
   --> src/store/mod.rs:551:12
    |
541 | impl StoreActor {
    | --------------- methods in this implementation
...
551 |     pub fn plan(&self) -> Result<MigrationPlan, StoreError> {
    |            ^^^^
...
563 |     pub fn status(&self) -> Result<StoreStatus, StoreError> {
    |            ^^^^^^
...
569 |     pub fn reconcile_comments(
    |            ^^^^^^^^^^^^^^^^^^
...
592 |     pub fn operational_status_comment_ids(
    |            ^^^^^^^^^^^^^^^^^^^^^^^^^^^^^^
...
603 |     pub fn reconcile_associations(&self, update: AssociationSet) -> Result<(), StoreError> {
    |            ^^^^^^^^^^^^^^^^^^^^^^
...
611 |     pub fn ingest_event(
    |            ^^^^^^^^^^^^
...
631 |     pub fn runtime_status(&self) -> Result<RuntimeStoreStatus, StoreError> {
    |            ^^^^^^^^^^^^^^
...
639 |     pub fn tracked_work_items(&self) -> Result<Vec<TrackedWorkItem>, StoreError> {
    |            ^^^^^^^^^^^^^^^^^^
...
647 |     pub fn canonical_objects(
    |            ^^^^^^^^^^^^^^^^^
...
658 |     pub fn begin_reconciliation(
    |            ^^^^^^^^^^^^^^^^^^^^
...
669 |     pub fn finish_reconciliation(
    |            ^^^^^^^^^^^^^^^^^^^^^
...
866 |     pub fn has_lifecycle_observation(
    |            ^^^^^^^^^^^^^^^^^^^^^^^^^

warning: multiple variants are never constructed
    --> src/store/mod.rs:1216:5
     |
1215 | enum Command {
     |      ------- variants in this enum
1216 |     Plan(Sender<Result<MigrationPlan, StoreError>>),
     |     ^^^^
1217 |     Apply(Sender<Result<MigrationResult, StoreError>>),
1218 |     Status(Sender<Result<StoreStatus, StoreError>>),
     |     ^^^^^^
1219 |     ReconcileComments(CanonicalCommentSet, Sender<Result<Vec<DeletedComment>, StoreError>>),
     |     ^^^^^^^^^^^^^^^^^
1220 |     SetContextRevision(String, String, Sender<Result<(), StoreError>>),
1221 |     OperationalStatusCommentIds(String, Sender<Result<BTreeSet<String>, StoreError>>),
     |     ^^^^^^^^^^^^^^^^^^^^^^^^^^^
1222 |     ReconcileAssociations(AssociationSet, Sender<Result<(), StoreError>>),
     |     ^^^^^^^^^^^^^^^^^^^^^
1223 |     IngestEvent(Box<IngressEvent>, SchedulerPolicy, Sender<Result<IngestResult, StoreError>>),
     |     ^^^^^^^^^^^
1224 |     AdvanceScheduler(Sender<Result<u64, StoreError>>),
1225 |     RuntimeStatus(Sender<Result<RuntimeStoreStatus, StoreError>>),
     |     ^^^^^^^^^^^^^
1226 |     TrackedWorkItems(Sender<Result<Vec<TrackedWorkItem>, StoreError>>),
     |     ^^^^^^^^^^^^^^^^
1227 |     CanonicalObjects(String, Sender<Result<Vec<CanonicalObjectState>, StoreError>>),
     |     ^^^^^^^^^^^^^^^^
1228 |     BeginReconciliation(String, Sender<Result<ReconciliationRun, StoreError>>),
     |     ^^^^^^^^^^^^^^^^^^^
1229 |     FinishReconciliation(
     |     ^^^^^^^^^^^^^^^^^^^^
...
1269 |     HasLifecycleObservation(String, String, String, Sender<Result<bool, StoreError>>),
     |     ^^^^^^^^^^^^^^^^^^^^^^^


running 3 tests
...
test result: ok. 3 passed; 0 failed; 0 ignored; 0 measured; 54 filtered out; finished in 0.01s

